argo [1991|2|153675]
hb20 [1993|2|563335]
onix [2015|3|743804]
onix [2005|8|452255]
yars [2002|5|746281]
pulse [2021|6|211432]
nivus [1986|8|661685]
