ferrari [2023|2|813429]
palio [2019|5|987654]
palio [2018|4|125435]
