mobi [1981|5|827471]
gol [2023|2|760863]
tcross [1984|5|956824]
