onix [1987|9|981629]
corolla [2022|4|899619]
corolla [1982|1|327846]
