Carlos
Carlos
Carlos
Carlos
Marcelo
Marcelo
Marcelo
Marcelo
Carlos
Carlos
Carlos
Marcelo
Marcelo
Marcelo
Marcelo
Marcelo
Marcelo
Carlos
Carlos
Carlos
Marcelo
Marcelo
Marcelo
Marcelo
Marcelo
Carlos
Marcelo
Carlos
Marcelo
Marcelo
Carlos
Marcelo
Carlos
Carlos
Marcelo
Marcelo
Marcelo
Carlos
Marcelo
Carlos
Marcelo
Carlos
Carlos
Carlos
Marcelo
Marcelo
Carlos
Marcelo
Carlos
Carlos
