09 | 01/03/1945 | valentina
10 | 25/01/0000 | jesus
06 | 09/03/1998 | guilherme
05 | 01/05/1990 | jose
