10 | 25/01/0000 | jesus
09 | 01/03/1945 | valentina
07 | 08/03/2015 | giovana
06 | 09/03/1998 | guilherme
05 | 03/11/1968 | siva
05 | 01/05/1990 | jose
04 | 06/04/1998 | paulo
03 | 24/12/1993 | daiane
02 | 17/05/1972 | maria
01 | 19/10/1930 | pedro
