10 | 11/12/1948 | Gabriel
09 | 06/02/1996 | Pedro
08 | 15/01/2020 | Arthur
06 | 22/03/1997 | Helena
05 | 12/11/1947 | Alice
04 | 09/05/1946 | Helena
04 | 02/08/1957 | Isabella
04 | 18/01/1998 | Helena
03 | 22/03/2000 | Gabriel
02 | 29/10/2013 | Pedro
