08 | 30/10/1943 | Isabella
07 | 19/01/1932 | Alice
10 | 05/12/1933 | Gabriel
10 | 29/10/2004 | Alice
09 | 26/04/2019 | Pedro
08 | 13/04/1955 | Bernardo
07 | 11/08/1970 | Helena
07 | 22/11/2022 | Sophia
06 | 14/01/1970 | Davi
06 | 20/03/1975 | Bernardo
06 | 08/01/1982 | Sophia
06 | 06/08/1986 | Bernardo
06 | 19/12/1999 | Gabriel
04 | 11/08/1974 | Davi
03 | 21/04/1934 | Bernardo
03 | 25/10/1952 | Helena
03 | 02/05/1970 | Davi
03 | 09/12/2023 | Helena
02 | 29/01/1939 | Gabriel
01 | 25/05/1989 | Gabriel
