10 | 15/09/1938 | Isabella
09 | 17/07/1934 | Isabella
10 | 22/09/1949 | Davi
10 | 20/03/1950 | Helena
10 | 02/12/1958 | Miguel
10 | 21/10/1973 | Bernardo
10 | 27/08/1985 | Bernardo
09 | 01/03/1941 | Pedro
09 | 28/09/1942 | Pedro
09 | 03/06/1949 | Alice
09 | 25/07/1998 | Alice
09 | 12/11/2003 | Gabriel
09 | 23/02/2015 | Davi
09 | 24/05/2020 | Miguel
08 | 19/09/1934 | Miguel
08 | 24/08/1935 | Alice
08 | 26/03/1937 | Bernardo
08 | 22/07/1944 | Helena
08 | 21/10/1951 | Helena
08 | 23/10/1995 | Miguel
08 | 28/03/2001 | Alice
08 | 28/08/2003 | Arthur
08 | 04/10/2007 | Arthur
07 | 25/05/1933 | Helena
07 | 17/06/1957 | Sophia
07 | 26/04/1981 | Miguel
07 | 11/11/2014 | Pedro
06 | 05/09/1960 | Helena
06 | 14/03/2007 | Isabella
05 | 08/12/1941 | Isabella
05 | 01/10/1964 | Bernardo
05 | 05/07/2015 | Pedro
04 | 16/06/1947 | Miguel
04 | 07/11/1967 | Helena
04 | 10/01/1986 | Pedro
03 | 10/03/1942 | Alice
03 | 08/09/1968 | Miguel
03 | 21/07/1993 | Miguel
03 | 20/03/1996 | Bernardo
03 | 02/02/2001 | Alice
03 | 12/12/2010 | Bernardo
02 | 13/12/1961 | Pedro
02 | 29/01/1962 | Arthur
02 | 18/02/1962 | Sophia
02 | 29/06/1973 | Arthur
02 | 24/04/1984 | Pedro
02 | 25/12/2003 | Arthur
01 | 07/04/1970 | Gabriel
01 | 21/05/1986 | Isabella
01 | 22/07/2003 | Miguel
