07 | 12/04/1944 | Alice
09 | 28/04/1930 | Davi
09 | 08/10/1953 | Pedro
09 | 31/01/2011 | Gabriel
10 | 26/01/1971 | Gabriel
09 | 10/12/1951 | Pedro
10 | 05/09/1966 | Miguel
10 | 06/12/1976 | Davi
10 | 04/10/1954 | Sophia
10 | 27/02/1973 | Helena
10 | 08/08/2010 | Bernardo
09 | 20/09/1933 | Sophia
09 | 16/10/1945 | Pedro
09 | 09/08/1970 | Alice
09 | 17/04/1987 | Bernardo
09 | 28/09/1987 | Sophia
09 | 22/01/1998 | Miguel
09 | 06/05/2002 | Sophia
09 | 28/06/2020 | Davi
08 | 29/03/1936 | Arthur
08 | 13/11/1957 | Arthur
08 | 23/06/1999 | Isabella
08 | 09/11/2022 | Isabella
07 | 07/06/1944 | Alice
07 | 30/10/1961 | Bernardo
07 | 25/03/1980 | Gabriel
07 | 10/10/1992 | Gabriel
07 | 27/06/1996 | Bernardo
07 | 12/10/2015 | Isabella
07 | 04/02/2023 | Sophia
06 | 21/11/1934 | Pedro
06 | 20/09/1940 | Miguel
06 | 05/06/1946 | Davi
06 | 23/11/1948 | Pedro
06 | 13/07/1959 | Gabriel
06 | 07/10/1961 | Miguel
06 | 17/05/1965 | Gabriel
06 | 24/10/1965 | Miguel
06 | 21/03/1967 | Pedro
06 | 15/05/1972 | Pedro
06 | 23/01/2002 | Pedro
06 | 23/05/2006 | Miguel
06 | 28/06/2008 | Alice
06 | 22/12/2016 | Gabriel
06 | 26/06/2020 | Gabriel
05 | 16/09/1935 | Pedro
05 | 17/02/1943 | Pedro
05 | 23/03/1943 | Sophia
05 | 13/02/1945 | Pedro
05 | 07/08/1949 | Alice
05 | 27/08/1951 | Arthur
05 | 16/04/1952 | Sophia
05 | 03/03/1961 | Bernardo
05 | 27/04/1962 | Helena
05 | 10/12/1967 | Gabriel
05 | 09/11/1984 | Sophia
05 | 13/09/1986 | Bernardo
05 | 17/09/1989 | Gabriel
05 | 14/04/2006 | Pedro
05 | 07/01/2009 | Pedro
05 | 27/09/2019 | Bernardo
04 | 01/02/1935 | Bernardo
04 | 14/08/1939 | Isabella
04 | 21/04/1946 | Miguel
04 | 03/07/1965 | Arthur
04 | 27/08/1967 | Davi
04 | 04/09/1983 | Alice
04 | 05/02/1997 | Helena
04 | 23/02/2013 | Davi
04 | 14/12/2013 | Miguel
04 | 18/02/2017 | Sophia
04 | 08/08/2021 | Bernardo
03 | 05/08/1941 | Bernardo
03 | 19/08/1941 | Pedro
03 | 12/04/1965 | Helena
03 | 02/10/1965 | Alice
03 | 08/08/1981 | Bernardo
03 | 16/07/1986 | Sophia
03 | 01/08/1995 | Sophia
02 | 08/05/1947 | Alice
02 | 10/03/1964 | Bernardo
02 | 18/06/1967 | Alice
02 | 17/06/1972 | Helena
02 | 25/10/1978 | Pedro
02 | 28/09/1983 | Gabriel
02 | 06/02/2011 | Davi
02 | 04/03/2011 | Miguel
01 | 28/05/1943 | Alice
01 | 28/04/1944 | Gabriel
01 | 26/06/1948 | Helena
01 | 02/02/1949 | Miguel
01 | 27/02/1950 | Gabriel
01 | 18/01/1951 | Sophia
01 | 16/08/1959 | Arthur
01 | 14/10/1966 | Isabella
01 | 03/12/1972 | Miguel
01 | 25/03/1982 | Pedro
01 | 29/07/1984 | Arthur
01 | 28/02/1996 | Isabella
01 | 20/01/2017 | Helena
