Test 1:
YES
13|30|02|22|23|36|60|04|45|55|51|12|24|43|33|35|56|64|44|41|11|10|00

