Test 1:
YES
13|36|65|50|00|04|45|52|22

Test 2:
NO

Test 3:
YES
64

