Joao 878674 1.1
AnaSophia 11052 2.0
Arthur 413413 2.0
Bianca 722213 3.8
EnzoGabriel 503509 4.1
MariaLaura 425188 4.7
Vicente 649612 4.9
JoaoGabriel 429306 6.6
JoaoVictor 257646 7.3
Emanuel 788112 7.5
