MariaLuiza 72803 0.5
Emanuelly 351522 0.5
Ayla 366320 0.5
Maya 682647 0.5
Otavio 69111 0.6
MariaClara 248384 0.6
MariaHelena 282374 0.6
Alice 630492 0.6
Heitor 675663 0.6
Caleb 716181 0.6
Leonardo 781212 0.6
Nicolas 152860 0.7
Isabelly 152885 0.7
JoaoGuilherme 192832 0.7
Maya 245133 0.7
Theo 738691 0.7
Guilherme 770119 0.7
Ruan 994520 0.7
Fernando 38484 0.8
Lucca 63300 0.8
Emanuel 163079 0.8
Isabel 178481 0.8
Lucca 415705 0.8
Alice 505448 0.8
Emanuelly 546336 0.8
Bruno 548205 0.8
Murilo 963618 0.8
Vicente 35933 0.9
Theo 53392 0.9
Ian 126168 0.9
Elisa 204853 0.9
Emanuelly 272181 0.9
Luna 319925 0.9
Eduarda 456427 0.9
Gabrielly 468875 0.9
AnaLaura 561026 0.9
Amanda 661763 0.9
MariaIsis 5877 1.0
Joao 17631 1.0
Cecilia 128287 1.0
Gael 147105 1.0
Nicolas 148901 1.0
Malu 149825 1.0
Lorena 234786 1.0
Louise 369100 1.0
Isadora 461964 1.0
Emilly 498913 1.0
Martin 555211 1.0
Antonella 611753 1.0
Ayla 699474 1.0
Matheus 787003 1.0
Ryan 826799 1.0
Martin 866575 1.0
AnaClara 959590 1.0
Miguel 7618 1.1
Antonia 347096 1.1
Joaquim 533201 1.1
Lais 558349 1.1
Maria 617159 1.1
Isaac 687238 1.1
Bernardo 818031 1.1
Enrico 857265 1.1
Luna 892925 1.1
AnaVitoria 72921 1.2
Gael 172114 1.2
Luna 247287 1.2
Eloa 295178 1.2
AnaBeatriz 383727 1.2
Benjamin 447986 1.2
Malu 586099 1.2
Mariana 628519 1.2
Rodrigo 703406 1.2
Emanuel 753136 1.2
DaviLucca 16873 1.3
Cecilia 179247 1.3
AnaClara 551480 1.3
Lucca 818677 1.3
Milena 987672 1.3
Vicente 995655 1.3
ArthurHenrique 134810 1.4
Bianca 248737 1.4
Stella 260409 1.4
Henry 497021 1.4
JoaoMiguel 784205 1.4
Isabel 840589 1.4
Davi 208060 1.5
Beatriz 246674 1.5
Nicole 312766 1.5
Beatriz 343584 1.5
Thiago 359864 1.5
EnzoGabriel 423099 1.5
Anthony 483234 1.5
MariaHeloisa 494738 1.5
Pietro 545180 1.5
Alicia 579179 1.5
AnaLuiza 585985 1.5
PedroLucas 617802 1.5
Nathan 756013 1.5
Melissa 782880 1.5
Lucas 976732 1.5
Maya 978636 1.5
Ruan 8679 1.6
Guilherme 40199 1.6
Henrique 68486 1.6
Ryan 91260 1.6
CarlosEduardo 130761 1.6
MariaClara 152099 1.6
EnzoGabriel 154191 1.6
Livia 354920 1.6
Lorena 432614 1.6
MariaValentina 471503 1.6
Rafael 558679 1.6
LuizFelipe 641454 1.6
Ayla 728705 1.6
Pietra 839883 1.6
Victor 871507 1.6
Lara 40859 1.7
Luiza 43385 1.7
Enzo 81698 1.7
Esther 117059 1.7
Marina 170347 1.7
KauÃª 647203 1.7
AnaLivia 768952 1.7
Nathan 779160 1.7
Allana 810361 1.7
Rebeca 176887 1.8
AnaCecilia 216582 1.8
Emilly 446435 1.8
Gabriela 473894 1.8
Emanuel 703504 1.8
AnaVitoria 832707 1.8
Lara 922701 1.8
LucasGabriel 45398 1.9
Sophia 203815 1.9
Arthur 494917 1.9
ArthurHenrique 833460 1.9
AnaLuiza 983703 1.9
Pietro 992331 1.9
Breno 161629 2.0
Eduardo 164693 2.0
Heloisa 385020 2.0
Helena 404211 2.0
Allana 417517 2.0
Levi 588142 2.0
Victor 681075 2.0
MariaFlor 807146 2.0
MariaValentina 813386 2.0
AnaSophia 928322 2.0
Sophie 50109 2.1
PedroMiguel 86624 2.1
Henrique 118356 2.1
Malu 157727 2.1
Daniel 302997 2.1
Gustavo 305962 2.1
Stella 507945 2.1
Analu 576678 2.1
Isaac 585419 2.1
CarlosEduardo 669411 2.1
Bento 691702 2.1
Francisco 725747 2.1
Tomas 771936 2.1
Davi 811008 2.1
Miguel 945273 2.1
Vicente 126424 2.2
Antonio 142239 2.2
AnaJulia 210361 2.2
Clarice 275201 2.2
DaviLuiz 303290 2.2
Gabriela 405544 2.2
Sarah 652231 2.2
Catarina 764553 2.2
Leonardo 863301 2.2
Antonio 871311 2.2
Amanda 957114 2.2
Lorenzo 3021 2.3
MariaIsis 26415 2.3
JoaoLucas 41641 2.3
Kaique 268450 2.3
Helena 287181 2.3
Yuri 290175 2.3
Nicole 378922 2.3
Ryan 416176 2.3
Pedro 452585 2.3
JoaoLucas 620523 2.3
Heloise 791390 2.3
Giovanna 801436 2.3
Vinicius 810126 2.3
Miguel 825805 2.3
DaviMiguel 831928 2.3
AnaCecilia 953482 2.3
LuizHenrique 981430 2.3
Gabriela 984687 2.3
Mariana 84397 2.4
AnaLiz 100988 2.4
Murilo 114477 2.4
Ayla 149714 2.4
LuizHenrique 154671 2.4
MariaValentina 168164 2.4
Ana 196998 2.4
Maria 272129 2.4
Luiza 272554 2.4
MariaHelena 332714 2.4
Henrique 411001 2.4
Augusto 425607 2.4
Yasmin 709050 2.4
MariaFernanda 873805 2.4
AnaLaura 893927 2.4
Clarice 944549 2.4
Ian 173545 2.5
MariaEduarda 541572 2.5
Guilherme 558662 2.5
Elisa 604573 2.5
EnzoMiguel 646904 2.5
Eduarda 674480 2.5
Martin 807040 2.5
Gabriela 973930 2.5
Enzo 980586 2.5
Rodrigo 31404 2.6
Benicio 154301 2.6
Lara 276875 2.6
Ian 309996 2.6
Murilo 513815 2.6
Leticia 559323 2.6
Bruno 641055 2.6
Luan 655564 2.6
Caio 866238 2.6
JoaoGuilherme 887660 2.6
Sarah 161837 2.7
AnaLivia 256551 2.7
EnzoMiguel 309198 2.7
DaviLucas 429987 2.7
Raul 476792 2.7
Isabel 540427 2.7
Anthony 551967 2.7
Heloisa 644637 2.7
ArthurGabriel 659426 2.7
Anthony 754476 2.7
Isabella 756438 2.7
Samuel 965331 2.7
DaviLucas 111568 2.8
Melissa 157608 2.8
Heloisa 259308 2.8
Leticia 343778 2.8
Thomas 659783 2.8
Lara 940234 2.8
Ruan 231428 2.9
Lavinia 298864 2.9
Cecilia 333114 2.9
JoaoLucas 378294 2.9
Julia 383482 2.9
Pietra 448329 2.9
Miguel 457684 2.9
LuizGustavo 550838 2.9
Laura 552066 2.9
Lucas 759752 2.9
JoaoGuilherme 854859 2.9
Lorena 857870 2.9
Aurora 985187 2.9
JoaoPedro 116985 3.0
Mariah 213751 3.0
Oliver 285586 3.0
Olivia 289219 3.0
Maria 324999 3.0
LuizMiguel 422185 3.0
Vitoria 547965 3.0
MariaFernanda 603095 3.0
LuizHenrique 644083 3.0
Augusto 778236 3.0
Oliver 401002 3.1
Catarina 556168 3.1
Gabrielly 635676 3.1
PedroHenrique 986770 3.1
Isis 221900 3.2
Gabriel 372413 3.2
AnaCecilia 481163 3.2
Helena 505725 3.2
Julia 617219 3.2
Enzo 654677 3.2
Marina 759152 3.2
MariaClara 859129 3.2
AnaLiz 905825 3.2
Olivia 68384 3.3
Danilo 135954 3.3
Fernanda 155597 3.3
Raul 179254 3.3
Rebeca 219554 3.3
Leonardo 604854 3.3
Martin 633819 3.3
Nicolas 762567 3.3
LucasGabriel 940882 3.3
Luiza 955637 3.3
Louise 975803 3.3
Miguel 991009 3.3
Joana 94735 3.4
Leticia 98900 3.4
DaviMiguel 308566 3.4
Anthony 376937 3.4
AnaCecilia 467994 3.4
Caio 513611 3.4
Yuri 517677 3.4
JoaoVictor 677745 3.4
Melissa 721209 3.4
Levi 826498 3.4
EnzoGabriel 97863 3.5
Clarice 145033 3.5
Antonia 154545 3.5
MariaFlor 292453 3.5
Isabella 333622 3.5
LuizOtavio 416980 3.5
Gabriel 653836 3.5
Esther 667622 3.5
Enrico 692970 3.5
Enzo 61105 3.6
Valentina 123257 3.6
MariaVitoria 139039 3.6
Luan 162756 3.6
CarlosEduardo 320123 3.6
Bianca 413765 3.6
Matheus 417564 3.6
Laura 482151 3.6
Bento 482373 3.6
AnaLiz 594376 3.6
Livia 668683 3.6
Vitoria 713936 3.6
Clarice 4624 3.7
Joana 47724 3.7
Bryan 99529 3.7
Bruno 169593 3.7
Arthur 531372 3.7
MariaHeloisa 561149 3.7
Heloise 582012 3.7
JoaoVictor 700083 3.7
Vinicius 710886 3.7
ArthurMiguel 861491 3.7
Breno 5968 3.8
Ana 73517 3.8
Larissa 363357 3.8
Augusto 424155 3.8
Eloa 503234 3.8
Clara 563584 3.8
Gabriel 671819 3.8
Melissa 726268 3.8
Enrico 746850 3.8
PedroLucas 785581 3.8
Tomas 851014 3.8
AnaVitoria 907870 3.8
MariaFlor 99940 3.9
DaviLucas 119420 3.9
ArthurGabriel 282413 3.9
Antonia 344010 3.9
DaviLuiz 433057 3.9
Miguel 681203 3.9
Emilly 824451 3.9
Andre 827086 3.9
Bruna 980778 3.9
Stella 64696 4.0
AnaLaura 321023 4.0
Francisco 371664 4.0
Eloa 371764 4.0
Sarah 456705 4.0
Fernando 611642 4.0
DaviLucca 626733 4.0
Luana 688326 4.0
Bryan 750795 4.0
AnaJulia 769272 4.0
Liz 877729 4.0
Elisa 912526 4.0
Caleb 160117 4.1
Davi 180056 4.1
Tomas 289994 4.1
Liz 505256 4.1
AnaCecilia 814032 4.1
Mirella 29334 4.2
PedroHenrique 82955 4.2
Rafaela 112923 4.2
Caleb 256180 4.2
JoaoMiguel 370814 4.2
Liz 488551 4.2
Isadora 514095 4.2
MariaJulia 566454 4.2
Joao 585003 4.2
Andre 592432 4.2
Kaique 664207 4.2
Antonia 693743 4.2
AnaSophia 772582 4.2
Valentina 790110 4.2
Henry 796798 4.2
Yasmin 852116 4.2
DaviLucas 992717 4.2
PedroMiguel 146552 4.3
Luan 179506 4.3
Joaquim 215835 4.3
Isabelly 462479 4.3
VictorHugo 643470 4.3
Theo 89211 4.4
Rebeca 204934 4.4
Thomas 383756 4.4
Livia 717543 4.4
Vitoria 728577 4.4
Milena 922082 4.4
Yasmin 944290 4.4
Eduardo 966897 4.4
EnzoGabriel 983121 4.4
Antonio 115626 4.5
Isabelly 180778 4.5
Bento 211431 4.5
Giovanna 268968 4.5
Levi 288060 4.5
MariaVitoria 317606 4.5
Bryan 398203 4.5
VictorHugo 611953 4.5
Samuel 719993 4.5
MariaEduarda 770574 4.5
JoaoGabriel 824026 4.5
Gustavo 954543 4.5
Daniel 7825 4.6
Antonella 134558 4.6
Gabriel 203144 4.6
Luna 251792 4.6
MariaCecilia 302941 4.6
Joao 304478 4.6
Cecilia 348973 4.6
Anthony 558182 4.6
Ana 605608 4.6
Bruna 836717 4.6
Beatriz 891825 4.6
Elisa 91821 4.7
Louise 279487 4.7
VictorHugo 468921 4.7
EnzoGabriel 474572 4.7
MariaJulia 483507 4.7
MariaValentina 742248 4.7
Sophie 879573 4.7
Larissa 952841 4.7
Isabel 143494 4.8
MariaHelena 493031 4.8
Nicole 645085 4.8
Noah 692502 4.8
Carolina 694158 4.8
AnaSophia 795705 4.8
Carolina 880321 4.8
Vinicius 909347 4.8
JoaoMiguel 69458 4.9
Sophie 190476 4.9
AnaLivia 528214 4.9
AnaLivia 529023 4.9
Heloisa 587906 4.9
Stella 790321 4.9
Sophia 840494 4.9
Eduarda 922584 4.9
LuizGustavo 980295 4.9
Elisa 985325 4.9
Ana 23341 5.0
Lais 109544 5.0
DaviLucca 260871 5.0
Analu 431444 5.0
Felipe 432508 5.0
LuizOtavio 502146 5.0
Giovanna 559308 5.0
JoaoGabriel 654736 5.0
Erick 764566 5.0
Breno 873144 5.0
Joaquim 924306 5.0
Felipe 940941 5.0
PedroHenrique 23885 5.1
Julia 424014 5.1
Yasmin 639914 5.1
Martin 792163 5.1
Henry 942429 5.1
Victor 44052 5.2
PedroLucas 44136 5.2
Larissa 46979 5.2
JoaoPedro 47540 5.2
Emanuel 515230 5.2
LucasGabriel 548794 5.2
Antonio 653825 5.2
Noah 729825 5.2
Eduardo 791628 5.2
AnaLiz 863817 5.2
Emanuelly 912142 5.2
Joaquim 943121 5.2
Arthur 945901 5.2
ArthurMiguel 18351 5.3
Aurora 26759 5.3
Mirella 56821 5.3
Larissa 148867 5.3
Pedro 184057 5.3
Luna 200269 5.3
Lorenzo 333908 5.3
Oliver 470232 5.3
Danilo 501012 5.3
Sophia 572910 5.3
Marina 753268 5.3
Felipe 806988 5.3
Olivia 905778 5.3
Pedro 996517 5.3
Gabrielly 33264 5.4
MariaAlice 62550 5.4
Ryan 148355 5.4
Isaac 160514 5.4
LucasGabriel 231353 5.4
Bianca 320288 5.4
Bryan 430692 5.4
Thomas 433149 5.4
Melissa 552779 5.4
Luan 579799 5.4
Isis 666289 5.4
Guilherme 742447 5.4
Louise 764477 5.4
MariaLaura 769198 5.4
Fernanda 952458 5.4
ArthurHenrique 10573 5.5
Pietra 85292 5.5
Maria 560471 5.5
ArthurHenrique 661535 5.5
Rodrigo 669861 5.5
Rafaela 748657 5.5
Ian 812847 5.5
Liz 847852 5.5
AnaLuiza 870916 5.5
Milena 875443 5.5
Pedro 30318 5.6
Anthony 75981 5.6
Lorenzo 77682 5.6
Kaique 84314 5.6
Nicolas 147934 5.6
Andre 175742 5.6
Erick 223461 5.6
Manuela 237047 5.6
MariaJulia 241068 5.6
Lavinia 287835 5.6
Ana 576067 5.6
Levi 586470 5.6
Gabrielly 705929 5.6
Pedro 743397 5.6
JoaoGabriel 747290 5.6
Sophia 809648 5.6
Erick 835633 5.6
Joao 932366 5.6
Amanda 938479 5.6
Isis 988658 5.6
Theo 181021 5.7
Nicolas 206982 5.7
Analu 254582 5.7
DaviMiguel 346210 5.7
Leonardo 495908 5.7
MariaCecilia 505402 5.7
Anthony 631624 5.7
JoaoLucas 798007 5.7
Noah 936729 5.7
VictorHugo 22233 5.8
Isabelly 188256 5.8
MaitÃª 214687 5.8
PedroHenrique 296978 5.8
EnzoMiguel 358361 5.8
ArthurGabriel 386087 5.8
Nathan 418675 5.8
Benicio 421019 5.8
Gabriel 443248 5.8
Manuela 463462 5.8
Heitor 467293 5.8
MariaSophia 606095 5.8
Nicole 627687 5.8
JoaoLucas 647810 5.8
Pietro 681671 5.8
Sophie 872504 5.8
JoaoMiguel 906094 5.8
AnaBeatriz 979363 5.8
Manuela 11920 5.9
Arthur 94237 5.9
MariaSophia 161194 5.9
MariaFernanda 194586 5.9
Isadora 308186 5.9
LuizFelipe 311842 5.9
Mirella 349162 5.9
MariaEduarda 365765 5.9
Bernardo 412151 5.9
Mariana 421983 5.9
LuizMiguel 578515 5.9
Esther 606358 5.9
Heloisa 677410 5.9
Fernando 704843 5.9
Benicio 714070 5.9
MariaCecilia 743716 5.9
Henry 753243 5.9
Beatriz 32363 6.0
MariaSophia 87268 6.0
Thomas 161901 6.0
Antonella 177165 6.0
AnaClara 399008 6.0
Clarice 657131 6.0
Miguel 676505 6.0
Lucas 783078 6.0
Antonia 914333 6.0
MariaAlice 932283 6.0
Stella 999910 6.0
Gabrielly 410714 6.1
MariaLuiza 477191 6.1
LuizOtavio 554926 6.1
Luana 574066 6.1
Joana 647684 6.1
Gustavo 696636 6.1
Vinicius 806201 6.1
PedroLucas 868771 6.1
Eduarda 924311 6.1
Lucca 985336 6.1
Caio 155197 6.2
Esther 212341 6.2
Henrique 344971 6.2
Nathan 351387 6.2
Amanda 353285 6.2
Tomas 409125 6.2
Ryan 462487 6.2
Lorena 499819 6.2
MariaHeloisa 510724 6.2
Gabriel 626589 6.2
Rafaela 69006 6.3
Arthur 78123 6.3
JoaoMiguel 92485 6.3
Sophie 133425 6.3
LuizFelipe 242737 6.3
Marina 434584 6.3
AnaLaura 581800 6.3
Lucca 613103 6.3
MariaLaura 697513 6.3
AnaBeatriz 776052 6.3
Alicia 22959 6.4
KauÃª 97319 6.4
Antonio 133389 6.4
Aurora 190275 6.4
Allana 316043 6.4
Heloise 419295 6.4
Yasmin 541373 6.4
Lais 793772 6.4
JoaoVictor 829441 6.4
Rebeca 860293 6.4
MariaFernanda 872556 6.4
Valentina 57873 6.5
Oliver 132034 6.5
Manuela 164864 6.5
Thomas 491632 6.5
Alicia 524895 6.5
Heitor 745379 6.5
Ruan 771305 6.5
Theo 839322 6.5
MariaSophia 851924 6.5
Milena 868289 6.5
Daniel 893626 6.5
MariaLuiza 931861 6.5
Yago 180662 6.6
Davi 269033 6.6
JoaoPedro 418872 6.6
DaviMiguel 663411 6.6
Sarah 758161 6.6
Tomas 929008 6.6
Pietra 990009 6.6
Emanuel 18014 6.7
Fernanda 23510 6.7
AnaSophia 42641 6.7
Benjamin 215832 6.7
Isabella 298130 6.7
ArthurGabriel 303349 6.7
Henrique 401764 6.7
MariaFlor 541540 6.7
MariaAlice 588785 6.7
Clara 732843 6.7
AnaBeatriz 829887 6.7
Heloise 864011 6.7
Benicio 982060 6.7
MariaHelena 69106 6.8
Gabriel 105603 6.8
Yuri 131745 6.8
Bruna 221551 6.8
Matheus 347862 6.8
Leticia 463360 6.8
Heitor 491630 6.8
MariaAlice 498402 6.8
MariaLuiza 518924 6.8
Catarina 543014 6.8
Ayla 599867 6.8
Samuel 801256 6.8
ArthurMiguel 805736 6.8
LuizGustavo 99053 6.9
Emilly 301331 6.9
Gabriel 550503 6.9
Alicia 554506 6.9
MariaJulia 606238 6.9
Leticia 660236 6.9
Victor 693024 6.9
JoaoVictor 725726 6.9
MariaEduarda 925 7.0
JoaoGuilherme 35654 7.0
Vicente 469091 7.0
JoaoGabriel 528242 7.0
Anthony 595980 7.0
MariaIsis 771673 7.0
MariaHelena 771856 7.0
Mirella 793604 7.0
Gabriela 831079 7.0
Thiago 919519 7.0
JoaoGuilherme 39038 7.1
Pietro 49227 7.1
Yago 142765 7.1
Rodrigo 161669 7.1
Maya 459533 7.1
JoaoPedro 570982 7.1
MariaCecilia 688549 7.1
AnaClara 730369 7.1
Caleb 816077 7.1
AnaClara 854814 7.1
LuizMiguel 974914 7.1
Mariana 19951 7.2
Rafaela 87769 7.2
MariaHeloisa 420815 7.2
AnaLuiza 462006 7.2
Isabel 547317 7.2
Andre 742185 7.2
Isabella 818704 7.2
Carolina 998365 7.2
Lucas 51755 7.3
Rafael 106161 7.3
Agatha 139021 7.3
MariaClara 164903 7.3
Benjamin 197187 7.3
EnzoMiguel 291960 7.3
MariaVitoria 645526 7.3
Milena 660873 7.3
AnaLaura 668972 7.3
Breno 789975 7.3
MariaLaura 906489 7.3
Gael 75885 7.4
Ruan 457130 7.4
LuizGustavo 559210 7.4
Daniel 743595 7.4
Miguel 928749 7.4
Laura 177758 7.5
Gael 194220 7.5
MaitÃª 309423 7.5
Rafael 451933 7.5
Luana 496508 7.5
Emanuelly 584229 7.5
Murilo 854414 7.5
Luan 248996 7.6
MariaLaura 268677 7.6
DaviLucas 318359 7.6
Malu 393487 7.6
Valentina 445389 7.6
Danilo 536126 7.6
Livia 599504 7.6
LuizFelipe 605975 7.6
Bruno 615501 7.6
Davi 854466 7.6
Lorena 868811 7.6
LucasGabriel 978840 7.6
DaviLucca 992162 7.6
Jose 98414 7.7
KauÃª 116693 7.7
Cecilia 208412 7.7
MariaVitoria 310457 7.7
MariaJulia 337210 7.7
Lorenzo 554546 7.7
Yuri 787573 7.7
Eloa 806680 7.7
LuizMiguel 888441 7.7
MaitÃª 959064 7.7
Guilherme 972207 7.7
Andre 16592 7.8
Henrique 31924 7.8
KauÃª 373121 7.8
Otavio 488778 7.8
Alicia 564034 7.8
Felipe 718785 7.8
Giovanna 773640 7.8
Mariah 839267 7.8
Pietro 896436 7.8
Raul 920886 7.8
Luiza 943249 7.8
Jose 30488 7.9
Alice 55624 7.9
Mariah 155607 7.9
Allana 286531 7.9
AnaSophia 289450 7.9
Francisco 313212 7.9
Joana 494839 7.9
Rodrigo 838224 7.9
Rafaela 879702 7.9
Bruna 278260 8.0
Bruno 548713 8.0
CarlosEduardo 693443 8.0
Agatha 741122 8.0
Nathan 856044 8.0
Levi 26785 8.1
VictorHugo 164872 8.1
Danilo 247630 8.1
Nicole 299916 8.1
JoaoPedro 490808 8.1
AnaLuiza 732287 8.1
Helena 795449 8.1
Analu 864313 8.1
Lavinia 923545 8.1
MariaVitoria 108600 8.2
Isadora 175408 8.2
Caleb 181269 8.2
Caua 194444 8.2
Antonella 214782 8.2
Amanda 236097 8.2
Henry 255967 8.2
Louise 340834 8.2
Laura 410405 8.2
Erick 418364 8.2
Henrique 427871 8.2
Lais 495127 8.2
Henrique 549259 8.2
Sarah 636928 8.2
Rafael 794828 8.2
Malu 928863 8.2
Kaique 20958 8.3
Heloise 22603 8.3
Yuri 32732 8.3
Matheus 180457 8.3
Vitoria 246031 8.3
PedroHenrique 335972 8.3
MariaValentina 388019 8.3
Augusto 418595 8.3
LuizGustavo 480204 8.3
Helena 608530 8.3
Maria 615090 8.3
Manuela 676645 8.3
Danilo 724654 8.3
Ian 726733 8.3
Julia 738599 8.3
Beatriz 118427 8.4
Allana 129688 8.4
Agatha 255095 8.4
Benjamin 266644 8.4
Valentina 274027 8.4
Lavinia 320700 8.4
Gabriel 365460 8.4
Miguel 499088 8.4
Lara 654832 8.4
Lavinia 752796 8.4
AnaJulia 70165 8.5
MariaFlor 96931 8.5
Esther 111010 8.5
Clara 161280 8.5
Sophia 313074 8.5
DaviLuiz 344305 8.5
Daniel 387675 8.5
Clara 396166 8.5
Joana 418763 8.5
Catarina 485828 8.5
JoaoVictor 644864 8.5
Caio 662203 8.5
DaviMiguel 725772 8.5
LuizOtavio 800986 8.5
Agatha 55484 8.6
PedroMiguel 124329 8.6
Otavio 278386 8.6
Olivia 335700 8.6
MariaIsis 375828 8.6
Raul 767055 8.6
Heitor 864699 8.6
Eduarda 915799 8.6
Bento 49189 8.7
Bento 203187 8.7
Isaac 339664 8.7
Carolina 439628 8.7
ArthurGabriel 553942 8.7
Caua 654105 8.7
Thiago 715802 8.7
Bryan 945815 8.7
AnaBeatriz 990463 8.7
PedroMiguel 162439 8.8
Yago 196398 8.8
JoaoGabriel 203397 8.8
AnaLiz 362681 8.8
AnaLivia 404561 8.8
Luiza 466569 8.8
Maya 780725 8.8
MariaEduarda 91193 8.9
Isabella 174492 8.9
Augusto 239488 8.9
Rafael 329968 8.9
Bernardo 395510 8.9
Fernando 572464 8.9
MariaIsis 625140 8.9
Victor 652637 8.9
PedroMiguel 893647 8.9
AnaJulia 9465 9.0
Bernardo 242070 9.0
Leonardo 256221 9.0
Fernando 282640 9.0
ArthurMiguel 428590 9.0
Rebeca 435552 9.0
Samuel 523006 9.0
Joaquim 545885 9.0
Samuel 821407 9.0
Miguel 934928 9.0
DaviLuiz 17963 9.1
Benicio 86523 9.1
Carolina 142001 9.1
Jose 297045 9.1
Noah 488480 9.1
Mariah 648238 9.1
MariaHeloisa 818940 9.1
Caua 868822 9.1
Otavio 965280 9.1
Giovanna 989938 9.1
Vitoria 4167 9.2
MariaLuiza 115527 9.2
Eduardo 253339 9.2
AnaVitoria 320141 9.2
Olivia 386506 9.2
CarlosEduardo 389498 9.2
Henrique 434615 9.2
Bruna 437464 9.2
Aurora 554263 9.2
Emilly 700795 9.2
MaitÃª 817442 9.2
Vicente 916281 9.2
Henrique 86526 9.3
Gael 235299 9.3
Vinicius 326653 9.3
Thiago 356011 9.3
Pietra 404056 9.3
Yago 470664 9.3
Larissa 508515 9.3
MariaCecilia 571369 9.3
AnaJulia 740214 9.3
LuizFelipe 761867 9.3
Matheus 825689 9.3
Otavio 77634 9.4
Gustavo 153111 9.4
ArthurMiguel 157892 9.4
Kaique 284543 9.4
Francisco 322679 9.4
Enzo 391231 9.4
Caua 424039 9.4
Erick 444950 9.4
Lorenzo 523241 9.4
Bianca 712996 9.4
AnaVitoria 820653 9.4
Caua 922566 9.4
EnzoMiguel 200290 9.5
Caio 210352 9.5
Lais 335058 9.5
Alice 416685 9.5
LuizHenrique 426952 9.5
ArthurHenrique 508581 9.5
MaitÃª 623174 9.5
Isabelly 664351 9.5
Clara 706235 9.5
Catarina 715637 9.5
LuizOtavio 36211 9.6
MariaFernanda 188824 9.6
Oliver 250808 9.6
Murilo 272513 9.6
Gustavo 429724 9.6
Enrico 476120 9.6
Noah 667780 9.6
Breno 765072 9.6
Mirella 928589 9.6
Raul 18626 9.7
Alice 75548 9.7
Yago 130968 9.7
Bianca 141068 9.7
Bernardo 254664 9.7
Francisco 340089 9.7
Fernanda 367691 9.7
LuizHenrique 655243 9.7
Felipe 678736 9.7
Eduardo 713391 9.7
Benjamin 824562 9.7
Anthony 61357 9.8
Aurora 165150 9.8
Analu 222570 9.8
Isis 470510 9.8
Laura 476296 9.8
Jose 561733 9.8
LuizMiguel 672890 9.8
Enrico 845809 9.8
Isis 987872 9.8
Jose 30002 9.9
DaviLuiz 32155 9.9
KauÃª 66955 9.9
Anthony 201803 9.9
PedroLucas 269382 9.9
Luana 303348 9.9
Joao 396393 9.9
Gabriel 412280 9.9
Antonella 425179 9.9
Isaac 759003 9.9
Agatha 826725 9.9
MariaSophia 988828 9.9
Liz 477979 10.0
Mariah 492391 10.0
Eloa 677667 10.0
Julia 759642 10.0
Marina 886458 10.0
MariaClara 912321 10.0
