AnaJulia 825049 1.5
Joaquim 870575 2.7
Caleb 825294 6.2
MariaHelena 575774 7.6
PedroHenrique 51326 8.0
