LuizGustavo 427142 0.5
MariaHeloisa 72525 0.6
Matheus 146067 0.6
Sophie 157068 0.6
DaviLucas 289406 0.6
Louise 337264 0.6
MariaHeloisa 499462 0.6
AnaLuiza 539641 0.6
Mariana 603596 0.6
Vicente 923781 0.6
JoaoMiguel 121606 0.7
AnaClara 201164 0.7
Eduardo 252739 0.7
Ruan 512788 0.7
Catarina 552670 0.7
Marina 631754 0.7
Ayla 754114 0.7
Gael 867353 0.7
Lucas 880071 0.7
Miguel 924658 0.7
Ana 130788 0.8
LuizHenrique 140371 0.8
AnaSophia 162360 0.8
CarlosEduardo 381472 0.8
CarlosEduardo 388084 0.8
Nicolas 714377 0.8
Enrico 743405 0.8
EnzoMiguel 924679 0.8
Analu 990513 0.8
Clarice 222603 0.9
Lara 325302 0.9
PedroLucas 470833 0.9
LuizMiguel 599931 0.9
DaviLucca 706327 0.9
Cecilia 731792 0.9
LuizOtavio 745825 0.9
Miguel 780592 0.9
Gabriela 880816 0.9
Luan 198061 1.0
Marina 209528 1.0
Ana 371264 1.0
Olivia 412650 1.0
Eduarda 866934 1.0
MariaValentina 904353 1.0
Otavio 37162 1.1
Eduardo 132663 1.1
Antonio 171503 1.1
Joao 303324 1.1
Bernardo 340675 1.1
Caleb 617206 1.1
MariaFernanda 697535 1.1
Maitê 839545 1.1
Alice 864366 1.1
Miguel 950964 1.1
Leticia 141513 1.2
Thiago 324473 1.2
Sophia 348287 1.2
Lais 356112 1.2
DaviLuiz 553730 1.2
Olivia 734408 1.2
ArthurMiguel 765710 1.2
Thomas 837114 1.2
Murilo 222108 1.3
Caua 234273 1.3
Enzo 253229 1.3
Aurora 257820 1.3
Mariah 347653 1.3
JoaoPedro 465770 1.3
AnaLivia 555107 1.3
Amanda 670504 1.3
Alice 685372 1.3
Otavio 801149 1.3
Pietra 64291 1.4
Joana 66840 1.4
Martin 226145 1.4
MariaFernanda 291575 1.4
Analu 411357 1.4
Lavinia 440882 1.4
Lara 619977 1.4
Marina 212601 1.5
Bruno 251775 1.5
Rodrigo 415331 1.5
Gabriel 415834 1.5
Ryan 586178 1.5
Lorenzo 658038 1.5
Leticia 753719 1.5
Stella 754280 1.5
ArthurMiguel 939075 1.5
AnaSophia 970520 1.5
LuizFelipe 5355 1.6
Liz 81493 1.6
Maitê 86739 1.6
DaviLucca 196290 1.6
Andre 511304 1.6
Alicia 713717 1.6
Augusto 288876 1.7
Tomas 551398 1.7
LucasGabriel 557189 1.7
Heloise 567187 1.7
Raul 870570 1.7
LuizMiguel 764785 1.8
Rodrigo 894193 1.8
Isadora 955527 1.8
Stella 80137 1.9
Benjamin 224189 1.9
Oliver 298322 1.9
Milena 333720 1.9
Pietro 442602 1.9
Liz 840021 1.9
Danilo 914584 1.9
Bianca 980721 1.9
Isabelly 345739 2.0
Rafaela 388552 2.0
Laura 559462 2.0
AnaCecilia 748811 2.0
Aurora 981576 2.0
Joaquim 149848 2.1
Lorenzo 192694 2.1
Isadora 257079 2.1
DaviLuiz 376149 2.1
CarlosEduardo 385578 2.1
Heloisa 437974 2.1
DaviMiguel 522838 2.1
Victor 548086 2.1
DaviLucas 696445 2.1
AnaLiz 758639 2.1
Lucas 962360 2.1
Isabel 974455 2.1
AnaLiz 19931 2.2
Enzo 86657 2.2
Gabrielly 186516 2.2
Otavio 329081 2.2
Rafael 428289 2.2
Analu 496517 2.2
Benicio 520010 2.2
Mirella 549593 2.2
Ana 805068 2.2
VictorHugo 17044 2.3
Pietra 51635 2.3
MariaFernanda 201821 2.3
Eduarda 302841 2.3
Caua 338857 2.3
Clara 442748 2.3
Ian 501446 2.3
MariaLuiza 558554 2.3
Nathan 864234 2.3
Fernanda 898848 2.3
Elisa 988116 2.3
LucasGabriel 204848 2.4
Davi 307997 2.4
Lais 351938 2.4
Vitoria 653017 2.4
Aurora 821527 2.4
Henry 38269 2.5
Ana 287673 2.5
PedroHenrique 440217 2.5
AnaLivia 559769 2.5
Emanuel 754270 2.5
Benicio 813950 2.5
Yuri 860940 2.5
Catarina 919491 2.5
PedroHenrique 923730 2.5
Helena 390720 2.6
Vitoria 391447 2.6
EnzoGabriel 466433 2.6
AnaCecilia 478090 2.6
Kaique 722110 2.6
MariaVitoria 782449 2.6
Beatriz 857716 2.6
AnaSophia 55474 2.7
Arthur 66039 2.7
Isabel 69860 2.7
Isis 70472 2.7
Ruan 96276 2.7
MariaClara 656748 2.7
Gabriel 778129 2.7
Gustavo 816205 2.7
Benjamin 87530 2.8
Heitor 119643 2.8
Clarice 203974 2.8
Livia 258193 2.8
Felipe 330073 2.8
MariaAlice 336027 2.8
Giovanna 368291 2.8
MariaEduarda 480915 2.8
Miguel 519505 2.8
JoaoVictor 558268 2.8
Nicole 601586 2.8
Manuela 602306 2.8
LuizMiguel 849134 2.8
Antonella 942368 2.8
Emanuel 950722 2.8
Otavio 989233 2.8
LuizHenrique 261306 2.9
Oliver 987912 2.9
Pietro 40398 3.0
Raul 208013 3.0
Rafael 544862 3.0
MariaIsis 772134 3.0
AnaVitoria 960200 3.0
Gabriel 988885 3.0
Sarah 991948 3.0
Henrique 49782 3.1
Yago 275706 3.1
Beatriz 353936 3.1
Luan 391993 3.1
Felipe 437776 3.1
Agatha 682129 3.1
Nathan 762362 3.1
EnzoGabriel 999493 3.1
Emilly 83887 3.2
Louise 125476 3.2
Pedro 275289 3.2
Bento 285532 3.2
Laura 438583 3.2
Ryan 468289 3.2
Fernando 526431 3.2
Murilo 564609 3.2
MariaVitoria 618214 3.2
Analu 688005 3.2
Valentina 707092 3.2
MariaClara 910033 3.2
AnaVitoria 910413 3.2
Lara 912863 3.2
LuizFelipe 25008 3.3
Luana 260515 3.3
MariaClara 271102 3.3
Livia 610219 3.3
Lucas 796184 3.3
Yago 808125 3.3
Malu 842546 3.3
Victor 60015 3.4
Davi 659707 3.4
Clarice 684071 3.4
Gabrielly 773432 3.4
LuizGustavo 785680 3.4
Levi 804357 3.4
AnaJulia 64437 3.5
Francisco 95144 3.5
PedroLucas 354268 3.5
Caleb 543139 3.5
Beatriz 664612 3.5
Alicia 722783 3.5
MariaLaura 817554 3.5
VictorHugo 969333 3.5
Guilherme 984118 3.5
Stella 102253 3.6
Heitor 151937 3.6
Joaquim 311161 3.6
Vicente 406272 3.6
Lucca 468263 3.6
EnzoMiguel 528277 3.6
Kauê 814555 3.6
Bryan 846475 3.6
Kaique 43018 3.7
Livia 55322 3.7
LuizHenrique 174624 3.7
Olivia 284174 3.7
Vicente 589558 3.7
AnaLaura 662819 3.7
Clarice 803594 3.7
Luna 933262 3.7
AnaLuiza 47387 3.8
Vinicius 107837 3.8
AnaBeatriz 224145 3.8
AnaVitoria 345181 3.8
Kaique 404721 3.8
Felipe 497481 3.8
Caua 526588 3.8
Maria 542124 3.8
Agatha 543613 3.8
Lorenzo 918286 3.8
Esther 955682 3.8
Isaac 111640 3.9
Bryan 150397 3.9
Theo 190991 3.9
AnaLaura 218515 3.9
Augusto 396847 3.9
CarlosEduardo 466558 3.9
Thiago 494411 3.9
Allana 622896 3.9
Gabrielly 698979 3.9
Isadora 715540 3.9
Julia 439263 4.0
Gabriel 491603 4.0
Mariah 523413 4.0
Pietro 782213 4.0
Gael 960794 4.0
Pedro 13945 4.1
Liz 481007 4.1
Luna 493984 4.1
Giovanna 566082 4.1
JoaoGabriel 667042 4.1
Valentina 751213 4.1
Antonia 775895 4.1
Benjamin 852679 4.1
Bryan 16386 4.2
Maya 230123 4.2
Alicia 337355 4.2
Vitoria 394637 4.2
Melissa 64095 4.3
Maitê 102510 4.3
AnaLaura 139066 4.3
MariaClara 155944 4.3
Eduardo 301592 4.3
Giovanna 383652 4.3
Breno 394560 4.3
Heitor 549187 4.3
Matheus 640123 4.3
Erick 779465 4.3
MariaCecilia 306287 4.4
Olivia 462253 4.4
Lorena 512421 4.4
Enrico 568711 4.4
Ruan 617933 4.4
AnaLuiza 783833 4.4
ArthurMiguel 77050 4.5
PedroHenrique 116115 4.5
Isis 287731 4.5
Beatriz 377593 4.5
Ian 484674 4.5
Eloa 527030 4.5
Pedro 598879 4.5
Levi 627327 4.5
Sophia 702098 4.5
Eduarda 889912 4.5
Gabrielly 929989 4.5
Danilo 999962 4.5
Maria 6538 4.6
Heloise 70947 4.6
Bento 78296 4.6
Vitoria 81817 4.6
JoaoLucas 359112 4.6
Vinicius 394114 4.6
Antonia 509338 4.6
DaviLuiz 509655 4.6
Lavinia 621407 4.6
Joaquim 643502 4.6
Yuri 190831 4.7
Clara 196672 4.7
Yasmin 251364 4.7
Emanuelly 267618 4.7
Ian 313858 4.7
Martin 484202 4.7
Leonardo 932666 4.7
Breno 37712 4.8
Lais 55725 4.8
Mariana 296242 4.8
JoaoGuilherme 516015 4.8
MariaFernanda 794415 4.8
LucasGabriel 910407 4.8
Caleb 200712 4.9
Samuel 286763 4.9
Arthur 432185 4.9
Luana 487834 4.9
Noah 500698 4.9
Antonia 501235 4.9
JoaoLucas 605159 4.9
Nicole 650887 4.9
Catarina 35869 5.0
Yago 97332 5.0
Luna 181752 5.0
Bianca 602671 5.0
Heloise 604438 5.0
MariaHelena 953482 5.0
Maria 998922 5.0
PedroMiguel 29120 5.1
Francisco 409520 5.1
Vicente 522170 5.1
Bryan 690332 5.1
Anthony 137805 5.2
Henry 144810 5.2
PedroMiguel 170499 5.2
Yasmin 202494 5.2
Jose 276722 5.2
Ryan 443413 5.2
Melissa 530399 5.2
Louise 972833 5.2
Clara 885 5.3
Emilly 85180 5.3
Kauê 144291 5.3
Yasmin 183738 5.3
Henrique 246309 5.3
Yago 463729 5.3
Allana 717306 5.3
MariaLuiza 752236 5.3
Emanuelly 765200 5.3
DaviLucas 846329 5.3
Thomas 996375 5.3
Stella 146556 5.4
Bento 184654 5.4
AnaVitoria 391295 5.4
Guilherme 414083 5.4
Henrique 751447 5.4
Isabella 92209 5.5
JoaoGuilherme 144366 5.5
Leonardo 170535 5.5
Danilo 620722 5.5
Lorenzo 709243 5.5
Laura 197117 5.6
AnaBeatriz 232510 5.6
Breno 234857 5.6
Erick 280638 5.6
Miguel 359769 5.6
Livia 455520 5.6
Jose 509158 5.6
Giovanna 531698 5.6
Isabella 566025 5.6
Antonio 587818 5.6
Heitor 889114 5.6
Gabriel 957660 5.6
Julia 968005 5.6
Allana 985123 5.6
LuizFelipe 94109 5.7
MariaEduarda 194532 5.7
ArthurGabriel 305172 5.7
Bento 516277 5.7
Davi 581391 5.7
Nathan 895679 5.7
Maitê 186151 5.8
Sophia 261621 5.8
Lorena 579816 5.8
Jose 653477 5.8
Erick 703440 5.8
Luana 759262 5.8
Isadora 763715 5.8
Rafael 769409 5.8
ArthurHenrique 830520 5.8
Tomas 178898 5.9
AnaClara 210098 5.9
PedroLucas 240792 5.9
Amanda 425691 5.9
Clara 463299 5.9
Isabelly 550324 5.9
MariaVitoria 921537 5.9
Rebeca 5146 6.0
MariaAlice 179715 6.0
JoaoMiguel 196371 6.0
Bruna 462728 6.0
Benicio 604180 6.0
DaviMiguel 715938 6.0
Manuela 843015 6.0
Anthony 997830 6.0
Malu 118547 6.1
PedroMiguel 466076 6.1
AnaCecilia 494026 6.1
Daniel 635164 6.1
Ian 698998 6.1
Larissa 69480 6.2
Kauê 86281 6.2
Anthony 242418 6.2
Kaique 269505 6.2
Carolina 385161 6.2
Julia 429901 6.2
AnaLivia 483703 6.2
Manuela 543219 6.2
Gustavo 590809 6.2
Samuel 595651 6.2
JoaoVictor 625099 6.2
Cecilia 643428 6.2
Erick 865500 6.2
JoaoGuilherme 378252 6.3
Helena 502618 6.3
Caio 512186 6.3
Fernanda 544158 6.3
JoaoVictor 571291 6.3
Rafaela 714429 6.3
Luiza 812182 6.3
LuizFelipe 938945 6.3
Daniel 940077 6.3
Mariana 952821 6.3
JoaoGabriel 990296 6.3
Francisco 233972 6.4
MariaEduarda 396804 6.4
Louise 495260 6.4
AnaCecilia 799666 6.4
Isabelly 51474 6.5
Rodrigo 618100 6.5
Larissa 648345 6.5
Anthony 704495 6.5
Allana 830550 6.5
Anthony 910519 6.5
Bernardo 163557 6.6
Mariah 267244 6.6
Eduardo 339657 6.6
Manuela 550861 6.6
MariaLuiza 828866 6.6
Sarah 838444 6.6
Marina 869765 6.6
MariaIsis 33421 6.7
ArthurGabriel 102252 6.7
Isis 105957 6.7
Heloisa 119663 6.7
LuizOtavio 376562 6.7
Cecilia 387513 6.7
Luan 426205 6.7
Theo 736984 6.7
Heloise 71139 6.8
MariaValentina 433609 6.8
Rebeca 451514 6.8
Raul 540248 6.8
Henry 687831 6.8
Malu 748706 6.8
Fernando 773226 6.8
LuizOtavio 833397 6.8
DaviMiguel 82219 6.9
PedroHenrique 190703 6.9
Caleb 260791 6.9
Gustavo 351870 6.9
Caua 459943 6.9
AnaLuiza 546827 6.9
JoaoPedro 658997 6.9
EnzoMiguel 746446 6.9
DaviLuiz 782222 6.9
MariaLaura 797703 6.9
Amanda 831993 6.9
Joao 106738 7.0
JoaoPedro 262299 7.0
AnaClara 263877 7.0
Emanuel 426219 7.0
Antonella 449117 7.0
Esther 632103 7.0
Lorena 648644 7.0
Agatha 814534 7.0
AnaJulia 865239 7.0
JoaoGabriel 987715 7.0
Milena 117322 7.1
Bruno 501377 7.1
Gabriela 580134 7.1
Benjamin 867073 7.1
Victor 887306 7.1
Esther 108311 7.2
LucasGabriel 256775 7.2
Emilly 269126 7.2
Henrique 294453 7.2
Elisa 367879 7.2
MariaValentina 645637 7.2
MariaLuiza 726166 7.2
JoaoGuilherme 550465 7.3
Lucas 885489 7.3
Joana 59176 7.4
Carolina 75395 7.4
MariaSophia 338847 7.4
Luana 400678 7.4
Fernando 501404 7.4
Miguel 515954 7.4
MariaJulia 764570 7.4
Arthur 869718 7.4
MariaAlice 926453 7.4
Cecilia 273482 7.5
Andre 310765 7.5
Joana 321278 7.5
Bruno 853354 7.5
Melissa 961739 7.5
Bernardo 1923 7.6
Levi 80372 7.6
Gustavo 391342 7.6
Gael 452353 7.6
Carolina 438107 7.7
Lorena 539642 7.7
Isabella 634027 7.7
Bruna 656671 7.7
Bianca 690176 7.7
Anthony 727997 7.7
Davi 800402 7.7
MariaIsis 908895 7.7
Martin 921269 7.7
Ruan 194375 7.8
MariaJulia 195586 7.8
Bernardo 394295 7.8
AnaClara 453108 7.8
Luan 591795 7.8
Malu 602194 7.8
Daniel 717875 7.8
Mirella 858849 7.8
Esther 875988 7.8
MariaEduarda 978031 7.8
Maria 469939 7.9
Thiago 829074 7.9
Joaquim 888509 7.9
Theo 20574 8.0
Mariah 61246 8.0
Lavinia 212171 8.0
Alice 429704 8.0
Rebeca 459847 8.0
Amanda 593854 8.0
Guilherme 601894 8.0
Matheus 692424 8.0
JoaoLucas 787241 8.0
PedroMiguel 927845 8.0
Enzo 978165 8.0
Leonardo 90339 8.1
MariaHelena 271493 8.1
Tomas 351880 8.1
Anthony 466935 8.1
Eloa 506214 8.1
Milena 832821 8.1
MariaHeloisa 852587 8.1
Julia 137552 8.2
Gael 157177 8.2
Lara 194283 8.2
Eloa 207832 8.2
Isaac 374943 8.2
Bruna 853836 8.2
JoaoGabriel 886373 8.2
Bruna 906708 8.2
Emanuelly 951288 8.2
Luiza 976688 8.2
Lais 997868 8.2
Thomas 232140 8.3
Leticia 481081 8.3
PedroLucas 687379 8.3
Yuri 782492 8.3
MariaSophia 836148 8.3
Pietra 384185 8.4
Lucca 397613 8.4
MariaValentina 552903 8.4
VictorHugo 569832 8.4
JoaoPedro 680149 8.4
Henrique 706050 8.4
Larissa 753487 8.4
Leonardo 123912 8.5
Joana 136082 8.5
MariaCecilia 166592 8.5
ArthurMiguel 769123 8.5
Nicolas 836877 8.5
Tomas 971565 8.5
MariaCecilia 82009 8.6
Samuel 334937 8.6
Caio 343575 8.6
DaviMiguel 360744 8.6
Anthony 631705 8.6
Catarina 673655 8.6
AnaBeatriz 763765 8.6
Lucca 858163 8.6
Antonella 949881 8.6
Nicolas 104050 8.7
Murilo 171602 8.7
Isaac 177313 8.7
Luiza 356039 8.7
Laura 393002 8.7
Joao 595715 8.7
Gabriela 890963 8.7
MariaLaura 91441 8.8
Antonia 120247 8.8
DaviLucca 229345 8.8
AnaLiz 253172 8.8
Levi 271513 8.8
Liz 449187 8.8
Nathan 484185 8.8
Ayla 542637 8.8
Heloisa 15994 8.9
Theo 46967 8.9
Larissa 58149 8.9
Noah 259425 8.9
AnaJulia 392481 8.9
Maya 428240 8.9
DaviLucas 468280 8.9
Valentina 585031 8.9
Caio 603809 8.9
Raul 634779 8.9
Thomas 679845 8.9
MariaFlor 832254 8.9
AnaLivia 895048 8.9
Maya 165374 9.0
Henrique 202225 9.0
Leticia 241341 9.0
Vinicius 345122 9.0
Matheus 409594 9.0
Caio 30364 9.1
Nicole 225210 9.1
MariaSophia 320007 9.1
AnaLaura 634207 9.1
MariaVitoria 871455 9.1
Henrique 161027 9.2
Carolina 333002 9.2
Bruno 382164 9.2
MariaFlor 599777 9.2
MariaFlor 277191 9.3
Helena 374244 9.3
AnaSophia 461057 9.3
DaviLucca 535597 9.3
Aurora 649934 9.3
Isabelly 805413 9.3
Isabel 886901 9.3
Francisco 968466 9.3
JoaoMiguel 970841 9.3
Antonio 246003 9.4
Sophie 518765 9.4
Nicole 570862 9.4
Nicolas 672585 9.4
Milena 687442 9.4
Augusto 709177 9.4
EnzoMiguel 778483 9.4
VictorHugo 905445 9.4
Ryan 987283 9.4
Enrico 125258 9.5
Mirella 151391 9.5
Daniel 244205 9.5
Rafaela 259398 9.5
Yasmin 301663 9.5
JoaoLucas 350962 9.5
Melissa 399733 9.5
EnzoGabriel 431766 9.5
Emanuel 518249 9.5
MariaFlor 524073 9.5
Helena 598733 9.5
Pietro 713291 9.5
Andre 954365 9.5
Sarah 8594 9.6
Victor 53930 9.6
Heloisa 203676 9.6
JoaoMiguel 257066 9.6
Ayla 282107 9.6
ArthurGabriel 372540 9.6
Fernanda 450043 9.6
Alicia 675475 9.6
Luna 796786 9.6
Antonio 832876 9.6
Elisa 848503 9.6
Noah 985220 9.6
Lucca 275781 9.7
Gabriel 359998 9.7
Felipe 385368 9.7
Lavinia 796810 9.7
ArthurHenrique 931959 9.7
Enrico 962779 9.7
Kauê 978407 9.7
Pedro 9693 9.8
Arthur 186395 9.8
Enzo 355875 9.8
LuizHenrique 389609 9.8
Guilherme 523383 9.8
Sophie 727351 9.8
ArthurHenrique 788094 9.8
Sophia 864324 9.8
Gabriel 872317 9.8
Pietra 974985 9.8
Fernando 97542 9.9
MariaHelena 190331 9.9
Benicio 196906 9.9
Agatha 224129 9.9
MariaIsis 432715 9.9
Danilo 702693 9.9
LuizGustavo 740581 9.9
JoaoVictor 751545 9.9
Valentina 820265 9.9
Oliver 183808 10.0
MariaJulia 604496 10.0
Gabriela 810803 10.0
