Test 1:
YES
01|12|21

Test 2:
NO

Test 3:
YES
41|16|60|00|03|32

