Test 1:
NO

Test 2:
NO

Test 3:
YES
64|42|26|60|00|04|45|53|34|44|41|11|10|05|55|56|66|61|13|33|32

Test 4:
YES
22|21|13|32|24|41|16|64|44|43|36|66|65|52|20|05|54|40|00|03|33|35|55|51|11|10|06|62

