SOLUTION 1:
. . . 
. * . 
. . . 

Total of solutions: 1
