Posicao inicial 0
Posicao inicial 0
Nao Pertence
Nao Pertence
6 6 47 75 79 
Nao Pertence
Posicao inicial 1
6 6 47 75 79 97 
6 6 47 75 79 97 
