Posicao inicial 0
28 46 56 74 84 
Posicao inicial 0
Nao Pertence
Posicao inicial 0
Nao Pertence
Nao Pertence
Nao Pertence
56 74 84 88 
