Nao Pertence
Nao Pertence
24 64 65 66 80 89 
Posicao inicial 1
24 64 65 66 80 89 
