Nao Pertence
Pertence
24 61 87 100 
Nao Pertence
Nao Pertence
Nao Pertence
61 87 100 
