SOLUTION 1:
* . . . . 
* * . * . 
. * * . * 
. * . * *
* * . * * 

SOLUTION 2:
. . * . . 
* * . * .
* * . . * 
. * . * * 
* * . * * 

Total of solutions: 2
