Teste 1:
ana 25
ana 29 
carlos 20 
joana 35
joao 30 
jose 35 
maria 25 
maura 27 
pedro 30