Teste 1:
carolina - 36
fernando - 40
gustavo - 29
isabela - 23
joana - 32
laura - 31
lucas - 19
mariana - 42
pedro - 27
rafael - 25

Teste 2:
aiden - 31
ava - 26
emma - 22
isabella - 24
jackson - 41
liam - 33
noah - 35
olivia - 29
sophia - 27