Teste 1: 
alice - 23
ana - 29
andre - 25
andre - 30
andre - 37
arthur - 27
beatriz - 29
bruno - 36
carolina - 28
gabriel - 18
gabriel - 35
gustavo - 33
isabella - 27
joao - 30
lara - 24
laura - 31
lucas - 34
maria - 33
mariana - 25
miguel - 26
pedro - 31
rafael - 32
sophia - 26