Teste 1:
isabella 27
liam 30
sophia 25

Teste 2:
isabella 41
lucas 19
mariana 32
pedro 27

Teste 3:
alice 25
joao 32
mariana 28

Teste 4:
karen 22
luana 19
luana 25
luiza 17
maiara 23


