Teste 1:
antonio 23
beatriz 19
luis 26
maria 40

Teste 2:
ana julia 22
ana paula 23
laura 21
luisa 22
nadia 27

Teste 3:
bruna 32
paulo 28
vanessa 29
vitor 23
