44 6
49 6
78 6
68 6
49 6
13 4
21 7
28 5
86 6
24 4
17 7
89 7
13 6
81 6
22 4
85 6
98 6
71 6
36 5
54 5
21 4
56 6
16 6
56 5
26 4
19 5
35 6
45 5
67 6
39 6
69 6
23 6
12 3
49 5
53 6
78 6
27 4
21 4
57 7
59 5
41 5
56 2
52 7
28 6
24 6
45 6
55 4
53 6
6 2
41 6
95 6
37 6
16 6
22 3
21 4
49 7
4 6
51 6
9 5
50 6
69 7
96 7
68 6
23 4
10 3
82 6
60 6
25 5
88 7
68 6
85 5
80 7
63 6
86 7
35 6
87 7
60 6
59 5
19 6
38 5
32 5
60 5
11 5
84 6
63 6
11 4
68 7
67 4
11 5
38 5
32 5
16 4
72 7
60 6
24 5
27 5
75 7
41 5
25 7
25 4
