27 4
27 1
28 5
81 6
44 6
62 5
55 5
35 5
96 4
30 4
57 4
10 1
46 5
20 4
4 6
51 6
49 5
53 5
27 5
39 5
44 5
29 5
11 5
90 7
5 1
