62 5
51 6
44 5
82 7
82 7
57 5
12 4
12 6
72 6
35 5
3 6
58 4
95 6
15 6
20 5
16 6
23 5
14 6
2 4
27 4
55 7
97 7
14 6
14 5
4 6
99 6
38 3
63 6
58 6
58 5
47 5
16 5
44 5
43 6
55 6
91 7
3 3
18 3
62 5
2 5
24 6
49 6
56 6
15 3
53 3
15 3
100 7
53 6
87 7
87 7
